

> backend@0.0.1 build
> tsc -p tsconfig.build.json

[96msrc/agents/agent.service.ts[0m:[93m57[0m:[93m20[0m - [91merror[0m[90m TS2345: [0mArgument of type '{ agent: any; action: string; status: string; timestamp: string; }' is not assignable to parameter of type 'never'.

[7m57[0m       results.push(log);
[7m  [0m [91m                   ~~~[0m

[96msrc/agents/agent.service.ts[0m:[93m67[0m:[93m32[0m - [91merror[0m[90m TS2304: [0mCannot find name 'AgentType'.

[7m67[0m   async processTask(agentType: AgentType, task: string) {
[7m  [0m [91m                               ~~~~~~~~~[0m

[96msrc/agents/agent.service.ts[0m:[93m79[0m:[93m35[0m - [91merror[0m[90m TS2304: [0mCannot find name 'AgentType'.

[7m79[0m   private getPromptForAgent(type: AgentType): string {
[7m  [0m [91m                                  ~~~~~~~~~[0m

[96msrc/trpc/trpc.router.ts[0m:[93m21[0m:[93m20[0m - [91merror[0m[90m TS2729: [0mProperty 'trpc' is used before its initialization.

[7m21[0m   appRouter = this.trpc.router({
[7m  [0m [91m                   ~~~~[0m

  [96msrc/trpc/trpc.router.ts[0m:[93m11[0m:[93m5[0m
    [7m11[0m     private readonly trpc: TrpcService,
    [7m  [0m [96m    ~~~~~~~~~~~~~~~~~~~~~~~~~~~~~~~~~~[0m
    'trpc' is declared here.

[96msrc/trpc/trpc.router.ts[0m:[93m22[0m:[93m23[0m - [91merror[0m[90m TS2729: [0mProperty 'trpc' is used before its initialization.

[7m22[0m     getTreasury: this.trpc.procedure
[7m  [0m [91m                      ~~~~[0m

  [96msrc/trpc/trpc.router.ts[0m:[93m11[0m:[93m5[0m
    [7m11[0m     private readonly trpc: TrpcService,
    [7m  [0m [96m    ~~~~~~~~~~~~~~~~~~~~~~~~~~~~~~~~~~[0m
    'trpc' is declared here.

[96msrc/trpc/trpc.router.ts[0m:[93m31[0m:[93m21[0m - [91merror[0m[90m TS2729: [0mProperty 'trpc' is used before its initialization.

[7m31[0m     getAgents: this.trpc.procedure
[7m  [0m [91m                    ~~~~[0m

  [96msrc/trpc/trpc.router.ts[0m:[93m11[0m:[93m5[0m
    [7m11[0m     private readonly trpc: TrpcService,
    [7m  [0m [96m    ~~~~~~~~~~~~~~~~~~~~~~~~~~~~~~~~~~[0m
    'trpc' is declared here.

[96msrc/trpc/trpc.router.ts[0m:[93m40[0m:[93m32[0m - [91merror[0m[90m TS2729: [0mProperty 'trpc' is used before its initialization.

[7m40[0m     executeAiInstruction: this.trpc.procedure
[7m  [0m [91m                               ~~~~[0m

  [96msrc/trpc/trpc.router.ts[0m:[93m11[0m:[93m5[0m
    [7m11[0m     private readonly trpc: TrpcService,
    [7m  [0m [96m    ~~~~~~~~~~~~~~~~~~~~~~~~~~~~~~~~~~[0m
    'trpc' is declared here.

[96msrc/trpc/trpc.router.ts[0m:[93m46[0m:[93m23[0m - [91merror[0m[90m TS2729: [0mProperty 'trpc' is used before its initialization.

[7m46[0m     getOverview: this.trpc.procedure
[7m  [0m [91m                      ~~~~[0m

  [96msrc/trpc/trpc.router.ts[0m:[93m11[0m:[93m5[0m
    [7m11[0m     private readonly trpc: TrpcService,
    [7m  [0m [96m    ~~~~~~~~~~~~~~~~~~~~~~~~~~~~~~~~~~[0m
    'trpc' is declared here.

[96msrc/trpc/trpc.router.ts[0m:[93m59[0m:[93m22[0m - [91merror[0m[90m TS2729: [0mProperty 'trpc' is used before its initialization.

[7m59[0m     getPayroll: this.trpc.procedure
[7m  [0m [91m                     ~~~~[0m

  [96msrc/trpc/trpc.router.ts[0m:[93m11[0m:[93m5[0m
    [7m11[0m     private readonly trpc: TrpcService,
    [7m  [0m [96m    ~~~~~~~~~~~~~~~~~~~~~~~~~~~~~~~~~~[0m
    'trpc' is declared here.


Found 9 errors in 2 files.

Errors  Files
     3  src/agents/agent.service.ts[90m:57[0m
     6  src/trpc/trpc.router.ts[90m:21[0m
[1mnpm[22m [31merror[39m Lifecycle script `build` failed with error:
[1mnpm[22m [31merror[39m [94mcode[39m [33m2[39m
[1mnpm[22m [31merror[39m [94mpath[39m /home/barath/30c/ShadowLedger-Nexus/apps/backend
[1mnpm[22m [31merror[39m [94mworkspace[39m backend@0.0.1
[1mnpm[22m [31merror[39m [94mlocation[39m /home/barath/30c/ShadowLedger-Nexus/apps/backend
[1mnpm[22m [31merror[39m command failed
[1mnpm[22m [31merror[39m [94mcommand[39m sh -c tsc -p tsconfig.build.json
